This is an example to demonstrate Task 2.

BOB.
i ieoteXHeoltnIylotvcavXcyl i  Xi,u h  oAdsa ha?   hetgu

Alice notices that Eve has just entered the room

ALICE.
Nv  ieIt., vaoXoeEgtX   
Ey n , e u h g?euhIo eieXvot yovovXdacaX

EVE. 
iXPlbXsXs.oy
iiwnttoXB ,utrt.fdoou uX d  eiyXt Idr  XuI l noX

An uncomfortable silence ensues.
