Ocdn dn vi zsvhkgz oj yzhjinomvoz Ovnf 2.

BOB.
Vw Ozwqs, rc mci ghwzz vojs hvs qcwb hvoh W uojs mci?

Vgdxz ijodxzn ocvo Zqz cvn epno ziozmzy ocz mjjh

ALICE.
Yz, T rlgp te ez Pgp. 
Pgp, oz jzf slgp esp nzty T rlgp jzf?

EVE. 
Kjnndwgt.
Wpo da D ydy, D rjpgy ijo mzopmi do oj tjp.

Vi pixjhajmovwgz ndgzixz zinpzn.
